============================= test session starts =============================
platform win32 -- Python 3.12.10, pytest-9.0.1, pluggy-1.6.0 -- C:\Users\Goddexx Snow\Documents\Bandit\.venv\Scripts\python.exe
cachedir: .pytest_cache
rootdir: C:\Users\Goddexx Snow\Documents\Bandit
plugins: anyio-4.12.0, langsmith-0.4.55
collecting ... collected 0 items / 1 error

=================================== ERRORS ====================================
___________ ERROR collecting tests/year1/test_year1_fundamentals.py ___________
ImportError while importing test module 'C:\Users\Goddexx Snow\Documents\Bandit\tests\year1\test_year1_fundamentals.py'.
Hint: make sure your test modules/packages have valid Python names.
Traceback:
..\..\AppData\Local\Programs\Python\Python312\Lib\importlib\__init__.py:90: in import_module
    return _bootstrap._gcd_import(name[level:], package, level)
           ^^^^^^^^^^^^^^^^^^^^^^^^^^^^^^^^^^^^^^^^^^^^^^^^^^^^
tests\year1\test_year1_fundamentals.py:19: in <module>
    from PIL import Image
E   ModuleNotFoundError: No module named 'PIL'
=========================== short test summary info ===========================
ERROR tests/year1/test_year1_fundamentals.py
!!!!!!!!!!!!!!!!!!! Interrupted: 1 error during collection !!!!!!!!!!!!!!!!!!!!
============================== 1 error in 1.33s ===============================
